Analysis & Elaboration report for ELEC374
Mon Mar 02 16:41:08 2026
Quartus Prime Version 18.1.0 Build 625 09/12/2018 SJ Standard Edition


---------------------
; Table of Contents ;
---------------------
  1. Legal Notice
  2. Analysis & Elaboration Summary
  3. Parallel Compilation
  4. Parameter Settings for User Entity Instance: register:R0
  5. Parameter Settings for User Entity Instance: register:R1
  6. Parameter Settings for User Entity Instance: register:R2
  7. Parameter Settings for User Entity Instance: register:R3
  8. Parameter Settings for User Entity Instance: register:R4
  9. Parameter Settings for User Entity Instance: register:R5
 10. Parameter Settings for User Entity Instance: register:R6
 11. Parameter Settings for User Entity Instance: register:R7
 12. Parameter Settings for User Entity Instance: register:R8
 13. Parameter Settings for User Entity Instance: register:R9
 14. Parameter Settings for User Entity Instance: register:R10
 15. Parameter Settings for User Entity Instance: register:R11
 16. Parameter Settings for User Entity Instance: register:R12
 17. Parameter Settings for User Entity Instance: register:R13
 18. Parameter Settings for User Entity Instance: register:R14
 19. Parameter Settings for User Entity Instance: register:R15
 20. Parameter Settings for User Entity Instance: register:HI
 21. Parameter Settings for User Entity Instance: register:LO
 22. Parameter Settings for User Entity Instance: register:PC
 23. Parameter Settings for User Entity Instance: register:IR
 24. Parameter Settings for User Entity Instance: register:Y
 25. Parameter Settings for User Entity Instance: register:MAR
 26. Parameter Settings for User Entity Instance: MDR:mdr_unit|register:MDRreg
 27. Parameter Settings for User Entity Instance: register:Z
 28. Analysis & Elaboration Settings
 29. Port Connectivity Checks: "bus:main_bus"
 30. Port Connectivity Checks: "alu:alu_unit|add_sub32:add_sub_unit|ripple_adder32:add|full_adder:fa_chain[31].fa"
 31. Port Connectivity Checks: "alu:alu_unit|add_sub32:add_sub_unit"
 32. Port Connectivity Checks: "register:MAR"
 33. Port Connectivity Checks: "register:IR"
 34. Port Connectivity Checks: "register:R15"
 35. Port Connectivity Checks: "register:R14"
 36. Port Connectivity Checks: "register:R13"
 37. Port Connectivity Checks: "register:R12"
 38. Port Connectivity Checks: "register:R11"
 39. Port Connectivity Checks: "register:R10"
 40. Port Connectivity Checks: "register:R9"
 41. Port Connectivity Checks: "register:R8"
 42. Analysis & Elaboration Messages



----------------
; Legal Notice ;
----------------
Copyright (C) 2018  Intel Corporation. All rights reserved.
Your use of Intel Corporation's design tools, logic functions 
and other software and tools, and its AMPP partner logic 
functions, and any output files from any of the foregoing 
(including device programming or simulation files), and any 
associated documentation or information are expressly subject 
to the terms and conditions of the Intel Program License 
Subscription Agreement, the Intel Quartus Prime License Agreement,
the Intel FPGA IP License Agreement, or other applicable license
agreement, including, without limitation, that your use is for
the sole purpose of programming logic devices manufactured by
Intel and sold by Intel or its authorized distributors.  Please
refer to the applicable agreement for further details.



+---------------------------------------------------------------------------------+
; Analysis & Elaboration Summary                                                  ;
+-------------------------------+-------------------------------------------------+
; Analysis & Elaboration Status ; Successful - Mon Mar 02 16:41:08 2026           ;
; Quartus Prime Version         ; 18.1.0 Build 625 09/12/2018 SJ Standard Edition ;
; Revision Name                 ; ELEC374                                         ;
; Top-level Entity Name         ; DataPath                                        ;
; Family                        ; Cyclone V                                       ;
; Logic utilization (in ALMs)   ; N/A until Partition Merge                       ;
; Total registers               ; N/A until Partition Merge                       ;
; Total pins                    ; N/A until Partition Merge                       ;
; Total virtual pins            ; N/A until Partition Merge                       ;
; Total block memory bits       ; N/A until Partition Merge                       ;
; Total PLLs                    ; N/A until Partition Merge                       ;
; Total DLLs                    ; N/A until Partition Merge                       ;
+-------------------------------+-------------------------------------------------+


+------------------------------------------+
; Parallel Compilation                     ;
+----------------------------+-------------+
; Processors                 ; Number      ;
+----------------------------+-------------+
; Number detected on machine ; 16          ;
; Maximum allowed            ; 16          ;
;                            ;             ;
; Average used               ; 1.00        ;
; Maximum used               ; 1           ;
;                            ;             ;
; Usage by Processor         ; % Time Used ;
;     Processor 1            ; 100.0%      ;
+----------------------------+-------------+


+----------------------------------------------------------+
; Parameter Settings for User Entity Instance: register:R0 ;
+----------------+-------+---------------------------------+
; Parameter Name ; Value ; Type                            ;
+----------------+-------+---------------------------------+
; size           ; 32    ; Signed Integer                  ;
+----------------+-------+---------------------------------+
Note: In order to hide this table in the UI and the text report file, please set the "Show Parameter Settings in Synthesis Report" option in "Analysis and Synthesis Settings -> More Settings" to "Off".


+----------------------------------------------------------+
; Parameter Settings for User Entity Instance: register:R1 ;
+----------------+-------+---------------------------------+
; Parameter Name ; Value ; Type                            ;
+----------------+-------+---------------------------------+
; size           ; 32    ; Signed Integer                  ;
+----------------+-------+---------------------------------+
Note: In order to hide this table in the UI and the text report file, please set the "Show Parameter Settings in Synthesis Report" option in "Analysis and Synthesis Settings -> More Settings" to "Off".


+----------------------------------------------------------+
; Parameter Settings for User Entity Instance: register:R2 ;
+----------------+-------+---------------------------------+
; Parameter Name ; Value ; Type                            ;
+----------------+-------+---------------------------------+
; size           ; 32    ; Signed Integer                  ;
+----------------+-------+---------------------------------+
Note: In order to hide this table in the UI and the text report file, please set the "Show Parameter Settings in Synthesis Report" option in "Analysis and Synthesis Settings -> More Settings" to "Off".


+----------------------------------------------------------+
; Parameter Settings for User Entity Instance: register:R3 ;
+----------------+-------+---------------------------------+
; Parameter Name ; Value ; Type                            ;
+----------------+-------+---------------------------------+
; size           ; 32    ; Signed Integer                  ;
+----------------+-------+---------------------------------+
Note: In order to hide this table in the UI and the text report file, please set the "Show Parameter Settings in Synthesis Report" option in "Analysis and Synthesis Settings -> More Settings" to "Off".


+----------------------------------------------------------+
; Parameter Settings for User Entity Instance: register:R4 ;
+----------------+-------+---------------------------------+
; Parameter Name ; Value ; Type                            ;
+----------------+-------+---------------------------------+
; size           ; 32    ; Signed Integer                  ;
+----------------+-------+---------------------------------+
Note: In order to hide this table in the UI and the text report file, please set the "Show Parameter Settings in Synthesis Report" option in "Analysis and Synthesis Settings -> More Settings" to "Off".


+----------------------------------------------------------+
; Parameter Settings for User Entity Instance: register:R5 ;
+----------------+-------+---------------------------------+
; Parameter Name ; Value ; Type                            ;
+----------------+-------+---------------------------------+
; size           ; 32    ; Signed Integer                  ;
+----------------+-------+---------------------------------+
Note: In order to hide this table in the UI and the text report file, please set the "Show Parameter Settings in Synthesis Report" option in "Analysis and Synthesis Settings -> More Settings" to "Off".


+----------------------------------------------------------+
; Parameter Settings for User Entity Instance: register:R6 ;
+----------------+-------+---------------------------------+
; Parameter Name ; Value ; Type                            ;
+----------------+-------+---------------------------------+
; size           ; 32    ; Signed Integer                  ;
+----------------+-------+---------------------------------+
Note: In order to hide this table in the UI and the text report file, please set the "Show Parameter Settings in Synthesis Report" option in "Analysis and Synthesis Settings -> More Settings" to "Off".


+----------------------------------------------------------+
; Parameter Settings for User Entity Instance: register:R7 ;
+----------------+-------+---------------------------------+
; Parameter Name ; Value ; Type                            ;
+----------------+-------+---------------------------------+
; size           ; 32    ; Signed Integer                  ;
+----------------+-------+---------------------------------+
Note: In order to hide this table in the UI and the text report file, please set the "Show Parameter Settings in Synthesis Report" option in "Analysis and Synthesis Settings -> More Settings" to "Off".


+----------------------------------------------------------+
; Parameter Settings for User Entity Instance: register:R8 ;
+----------------+-------+---------------------------------+
; Parameter Name ; Value ; Type                            ;
+----------------+-------+---------------------------------+
; size           ; 32    ; Signed Integer                  ;
+----------------+-------+---------------------------------+
Note: In order to hide this table in the UI and the text report file, please set the "Show Parameter Settings in Synthesis Report" option in "Analysis and Synthesis Settings -> More Settings" to "Off".


+----------------------------------------------------------+
; Parameter Settings for User Entity Instance: register:R9 ;
+----------------+-------+---------------------------------+
; Parameter Name ; Value ; Type                            ;
+----------------+-------+---------------------------------+
; size           ; 32    ; Signed Integer                  ;
+----------------+-------+---------------------------------+
Note: In order to hide this table in the UI and the text report file, please set the "Show Parameter Settings in Synthesis Report" option in "Analysis and Synthesis Settings -> More Settings" to "Off".


+-----------------------------------------------------------+
; Parameter Settings for User Entity Instance: register:R10 ;
+----------------+-------+----------------------------------+
; Parameter Name ; Value ; Type                             ;
+----------------+-------+----------------------------------+
; size           ; 32    ; Signed Integer                   ;
+----------------+-------+----------------------------------+
Note: In order to hide this table in the UI and the text report file, please set the "Show Parameter Settings in Synthesis Report" option in "Analysis and Synthesis Settings -> More Settings" to "Off".


+-----------------------------------------------------------+
; Parameter Settings for User Entity Instance: register:R11 ;
+----------------+-------+----------------------------------+
; Parameter Name ; Value ; Type                             ;
+----------------+-------+----------------------------------+
; size           ; 32    ; Signed Integer                   ;
+----------------+-------+----------------------------------+
Note: In order to hide this table in the UI and the text report file, please set the "Show Parameter Settings in Synthesis Report" option in "Analysis and Synthesis Settings -> More Settings" to "Off".


+-----------------------------------------------------------+
; Parameter Settings for User Entity Instance: register:R12 ;
+----------------+-------+----------------------------------+
; Parameter Name ; Value ; Type                             ;
+----------------+-------+----------------------------------+
; size           ; 32    ; Signed Integer                   ;
+----------------+-------+----------------------------------+
Note: In order to hide this table in the UI and the text report file, please set the "Show Parameter Settings in Synthesis Report" option in "Analysis and Synthesis Settings -> More Settings" to "Off".


+-----------------------------------------------------------+
; Parameter Settings for User Entity Instance: register:R13 ;
+----------------+-------+----------------------------------+
; Parameter Name ; Value ; Type                             ;
+----------------+-------+----------------------------------+
; size           ; 32    ; Signed Integer                   ;
+----------------+-------+----------------------------------+
Note: In order to hide this table in the UI and the text report file, please set the "Show Parameter Settings in Synthesis Report" option in "Analysis and Synthesis Settings -> More Settings" to "Off".


+-----------------------------------------------------------+
; Parameter Settings for User Entity Instance: register:R14 ;
+----------------+-------+----------------------------------+
; Parameter Name ; Value ; Type                             ;
+----------------+-------+----------------------------------+
; size           ; 32    ; Signed Integer                   ;
+----------------+-------+----------------------------------+
Note: In order to hide this table in the UI and the text report file, please set the "Show Parameter Settings in Synthesis Report" option in "Analysis and Synthesis Settings -> More Settings" to "Off".


+-----------------------------------------------------------+
; Parameter Settings for User Entity Instance: register:R15 ;
+----------------+-------+----------------------------------+
; Parameter Name ; Value ; Type                             ;
+----------------+-------+----------------------------------+
; size           ; 32    ; Signed Integer                   ;
+----------------+-------+----------------------------------+
Note: In order to hide this table in the UI and the text report file, please set the "Show Parameter Settings in Synthesis Report" option in "Analysis and Synthesis Settings -> More Settings" to "Off".


+----------------------------------------------------------+
; Parameter Settings for User Entity Instance: register:HI ;
+----------------+-------+---------------------------------+
; Parameter Name ; Value ; Type                            ;
+----------------+-------+---------------------------------+
; size           ; 32    ; Signed Integer                  ;
+----------------+-------+---------------------------------+
Note: In order to hide this table in the UI and the text report file, please set the "Show Parameter Settings in Synthesis Report" option in "Analysis and Synthesis Settings -> More Settings" to "Off".


+----------------------------------------------------------+
; Parameter Settings for User Entity Instance: register:LO ;
+----------------+-------+---------------------------------+
; Parameter Name ; Value ; Type                            ;
+----------------+-------+---------------------------------+
; size           ; 32    ; Signed Integer                  ;
+----------------+-------+---------------------------------+
Note: In order to hide this table in the UI and the text report file, please set the "Show Parameter Settings in Synthesis Report" option in "Analysis and Synthesis Settings -> More Settings" to "Off".


+----------------------------------------------------------+
; Parameter Settings for User Entity Instance: register:PC ;
+----------------+-------+---------------------------------+
; Parameter Name ; Value ; Type                            ;
+----------------+-------+---------------------------------+
; size           ; 32    ; Signed Integer                  ;
+----------------+-------+---------------------------------+
Note: In order to hide this table in the UI and the text report file, please set the "Show Parameter Settings in Synthesis Report" option in "Analysis and Synthesis Settings -> More Settings" to "Off".


+----------------------------------------------------------+
; Parameter Settings for User Entity Instance: register:IR ;
+----------------+-------+---------------------------------+
; Parameter Name ; Value ; Type                            ;
+----------------+-------+---------------------------------+
; size           ; 32    ; Signed Integer                  ;
+----------------+-------+---------------------------------+
Note: In order to hide this table in the UI and the text report file, please set the "Show Parameter Settings in Synthesis Report" option in "Analysis and Synthesis Settings -> More Settings" to "Off".


+---------------------------------------------------------+
; Parameter Settings for User Entity Instance: register:Y ;
+----------------+-------+--------------------------------+
; Parameter Name ; Value ; Type                           ;
+----------------+-------+--------------------------------+
; size           ; 32    ; Signed Integer                 ;
+----------------+-------+--------------------------------+
Note: In order to hide this table in the UI and the text report file, please set the "Show Parameter Settings in Synthesis Report" option in "Analysis and Synthesis Settings -> More Settings" to "Off".


+-----------------------------------------------------------+
; Parameter Settings for User Entity Instance: register:MAR ;
+----------------+-------+----------------------------------+
; Parameter Name ; Value ; Type                             ;
+----------------+-------+----------------------------------+
; size           ; 32    ; Signed Integer                   ;
+----------------+-------+----------------------------------+
Note: In order to hide this table in the UI and the text report file, please set the "Show Parameter Settings in Synthesis Report" option in "Analysis and Synthesis Settings -> More Settings" to "Off".


+---------------------------------------------------------------------------+
; Parameter Settings for User Entity Instance: MDR:mdr_unit|register:MDRreg ;
+----------------+-------+--------------------------------------------------+
; Parameter Name ; Value ; Type                                             ;
+----------------+-------+--------------------------------------------------+
; size           ; 32    ; Signed Integer                                   ;
+----------------+-------+--------------------------------------------------+
Note: In order to hide this table in the UI and the text report file, please set the "Show Parameter Settings in Synthesis Report" option in "Analysis and Synthesis Settings -> More Settings" to "Off".


+---------------------------------------------------------+
; Parameter Settings for User Entity Instance: register:Z ;
+----------------+-------+--------------------------------+
; Parameter Name ; Value ; Type                           ;
+----------------+-------+--------------------------------+
; size           ; 64    ; Signed Integer                 ;
+----------------+-------+--------------------------------+
Note: In order to hide this table in the UI and the text report file, please set the "Show Parameter Settings in Synthesis Report" option in "Analysis and Synthesis Settings -> More Settings" to "Off".


+---------------------------------------------------------------------------------------------------------------------------+
; Analysis & Elaboration Settings                                                                                           ;
+---------------------------------------------------------------------------------+--------------------+--------------------+
; Option                                                                          ; Setting            ; Default Value      ;
+---------------------------------------------------------------------------------+--------------------+--------------------+
; Device                                                                          ; 5CEBA4F23C7        ;                    ;
; Top-level entity name                                                           ; DataPath           ; ELEC374            ;
; Family name                                                                     ; Cyclone V          ; Cyclone V          ;
; Use smart compilation                                                           ; Off                ; Off                ;
; Enable parallel Assembler and Timing Analyzer during compilation                ; On                 ; On                 ;
; Enable compact report table                                                     ; Off                ; Off                ;
; Restructure Multiplexers                                                        ; Auto               ; Auto               ;
; MLAB Add Timing Constraints For Mixed-Port Feed-Through Mode Setting Don't Care ; Off                ; Off                ;
; Create Debugging Nodes for IP Cores                                             ; Off                ; Off                ;
; Preserve fewer node names                                                       ; On                 ; On                 ;
; Intel FPGA IP Evaluation Mode                                                   ; Enable             ; Enable             ;
; Verilog Version                                                                 ; Verilog_2001       ; Verilog_2001       ;
; VHDL Version                                                                    ; VHDL_1993          ; VHDL_1993          ;
; State Machine Processing                                                        ; Auto               ; Auto               ;
; Safe State Machine                                                              ; Off                ; Off                ;
; Extract Verilog State Machines                                                  ; On                 ; On                 ;
; Extract VHDL State Machines                                                     ; On                 ; On                 ;
; Ignore Verilog initial constructs                                               ; Off                ; Off                ;
; Iteration limit for constant Verilog loops                                      ; 5000               ; 5000               ;
; Iteration limit for non-constant Verilog loops                                  ; 250                ; 250                ;
; Add Pass-Through Logic to Inferred RAMs                                         ; On                 ; On                 ;
; Infer RAMs from Raw Logic                                                       ; On                 ; On                 ;
; Parallel Synthesis                                                              ; On                 ; On                 ;
; DSP Block Balancing                                                             ; Auto               ; Auto               ;
; NOT Gate Push-Back                                                              ; On                 ; On                 ;
; Power-Up Don't Care                                                             ; On                 ; On                 ;
; Remove Redundant Logic Cells                                                    ; Off                ; Off                ;
; Remove Duplicate Registers                                                      ; On                 ; On                 ;
; Ignore CARRY Buffers                                                            ; Off                ; Off                ;
; Ignore CASCADE Buffers                                                          ; Off                ; Off                ;
; Ignore GLOBAL Buffers                                                           ; Off                ; Off                ;
; Ignore ROW GLOBAL Buffers                                                       ; Off                ; Off                ;
; Ignore LCELL Buffers                                                            ; Off                ; Off                ;
; Ignore SOFT Buffers                                                             ; On                 ; On                 ;
; Limit AHDL Integers to 32 Bits                                                  ; Off                ; Off                ;
; Optimization Technique                                                          ; Balanced           ; Balanced           ;
; Carry Chain Length                                                              ; 70                 ; 70                 ;
; Auto Carry Chains                                                               ; On                 ; On                 ;
; Auto Open-Drain Pins                                                            ; On                 ; On                 ;
; Perform WYSIWYG Primitive Resynthesis                                           ; Off                ; Off                ;
; Auto ROM Replacement                                                            ; On                 ; On                 ;
; Auto RAM Replacement                                                            ; On                 ; On                 ;
; Auto DSP Block Replacement                                                      ; On                 ; On                 ;
; Auto Shift Register Replacement                                                 ; Auto               ; Auto               ;
; Allow Shift Register Merging across Hierarchies                                 ; Auto               ; Auto               ;
; Auto Clock Enable Replacement                                                   ; On                 ; On                 ;
; Strict RAM Replacement                                                          ; Off                ; Off                ;
; Allow Synchronous Control Signals                                               ; On                 ; On                 ;
; Force Use of Synchronous Clear Signals                                          ; Off                ; Off                ;
; Auto Resource Sharing                                                           ; Off                ; Off                ;
; Allow Any RAM Size For Recognition                                              ; Off                ; Off                ;
; Allow Any ROM Size For Recognition                                              ; Off                ; Off                ;
; Allow Any Shift Register Size For Recognition                                   ; Off                ; Off                ;
; Use LogicLock Constraints during Resource Balancing                             ; On                 ; On                 ;
; Ignore translate_off and synthesis_off directives                               ; Off                ; Off                ;
; Timing-Driven Synthesis                                                         ; On                 ; On                 ;
; Report Parameter Settings                                                       ; On                 ; On                 ;
; Report Source Assignments                                                       ; On                 ; On                 ;
; Report Connectivity Checks                                                      ; On                 ; On                 ;
; Ignore Maximum Fan-Out Assignments                                              ; Off                ; Off                ;
; Synchronization Register Chain Length                                           ; 3                  ; 3                  ;
; Power Optimization During Synthesis                                             ; Normal compilation ; Normal compilation ;
; HDL message level                                                               ; Level2             ; Level2             ;
; Suppress Register Optimization Related Messages                                 ; Off                ; Off                ;
; Number of Removed Registers Reported in Synthesis Report                        ; 5000               ; 5000               ;
; Number of Swept Nodes Reported in Synthesis Report                              ; 5000               ; 5000               ;
; Number of Inverted Registers Reported in Synthesis Report                       ; 100                ; 100                ;
; Clock MUX Protection                                                            ; On                 ; On                 ;
; Auto Gated Clock Conversion                                                     ; Off                ; Off                ;
; Block Design Naming                                                             ; Auto               ; Auto               ;
; SDC constraint protection                                                       ; Off                ; Off                ;
; Synthesis Effort                                                                ; Auto               ; Auto               ;
; Shift Register Replacement - Allow Asynchronous Clear Signal                    ; On                 ; On                 ;
; Pre-Mapping Resynthesis Optimization                                            ; Off                ; Off                ;
; Analysis & Synthesis Message Level                                              ; Medium             ; Medium             ;
; Disable Register Merging Across Hierarchies                                     ; Auto               ; Auto               ;
; Resource Aware Inference For Block RAM                                          ; On                 ; On                 ;
; Automatic Parallel Synthesis                                                    ; On                 ; On                 ;
; Partial Reconfiguration Bitstream ID                                            ; Off                ; Off                ;
+---------------------------------------------------------------------------------+--------------------+--------------------+


+------------------------------------------------+
; Port Connectivity Checks: "bus:main_bus"       ;
+--------------+-------+----------+--------------+
; Port         ; Type  ; Severity ; Details      ;
+--------------+-------+----------+--------------+
; InPort       ; Input ; Info     ; Stuck at GND ;
; C_sign_extin ; Input ; Info     ; Stuck at GND ;
+--------------+-------+----------+--------------+


+----------------------------------------------------------------------------------------------------------------+
; Port Connectivity Checks: "alu:alu_unit|add_sub32:add_sub_unit|ripple_adder32:add|full_adder:fa_chain[31].fa"  ;
+------+--------+----------+-------------------------------------------------------------------------------------+
; Port ; Type   ; Severity ; Details                                                                             ;
+------+--------+----------+-------------------------------------------------------------------------------------+
; cout ; Output ; Info     ; Connected to dangling logic. Logic that only feeds a dangling port will be removed. ;
+------+--------+----------+-------------------------------------------------------------------------------------+


+----------------------------------------------------------------------------------------------------------------+
; Port Connectivity Checks: "alu:alu_unit|add_sub32:add_sub_unit"                                                ;
+------+--------+----------+-------------------------------------------------------------------------------------+
; Port ; Type   ; Severity ; Details                                                                             ;
+------+--------+----------+-------------------------------------------------------------------------------------+
; cout ; Output ; Info     ; Connected to dangling logic. Logic that only feeds a dangling port will be removed. ;
+------+--------+----------+-------------------------------------------------------------------------------------+


+--------------------------------------------------------------------------------------------------------------------+
; Port Connectivity Checks: "register:MAR"                                                                           ;
+----------+--------+----------+-------------------------------------------------------------------------------------+
; Port     ; Type   ; Severity ; Details                                                                             ;
+----------+--------+----------+-------------------------------------------------------------------------------------+
; busMuxIn ; Output ; Info     ; Connected to dangling logic. Logic that only feeds a dangling port will be removed. ;
+----------+--------+----------+-------------------------------------------------------------------------------------+


+--------------------------------------------------------------------------------------------------------------------+
; Port Connectivity Checks: "register:IR"                                                                            ;
+----------+--------+----------+-------------------------------------------------------------------------------------+
; Port     ; Type   ; Severity ; Details                                                                             ;
+----------+--------+----------+-------------------------------------------------------------------------------------+
; busMuxIn ; Output ; Info     ; Connected to dangling logic. Logic that only feeds a dangling port will be removed. ;
+----------+--------+----------+-------------------------------------------------------------------------------------+


+------------------------------------------+
; Port Connectivity Checks: "register:R15" ;
+------+-------+----------+----------------+
; Port ; Type  ; Severity ; Details        ;
+------+-------+----------+----------------+
; Rin  ; Input ; Info     ; Stuck at GND   ;
+------+-------+----------+----------------+


+------------------------------------------+
; Port Connectivity Checks: "register:R14" ;
+------+-------+----------+----------------+
; Port ; Type  ; Severity ; Details        ;
+------+-------+----------+----------------+
; Rin  ; Input ; Info     ; Stuck at GND   ;
+------+-------+----------+----------------+


+------------------------------------------+
; Port Connectivity Checks: "register:R13" ;
+------+-------+----------+----------------+
; Port ; Type  ; Severity ; Details        ;
+------+-------+----------+----------------+
; Rin  ; Input ; Info     ; Stuck at GND   ;
+------+-------+----------+----------------+


+------------------------------------------+
; Port Connectivity Checks: "register:R12" ;
+------+-------+----------+----------------+
; Port ; Type  ; Severity ; Details        ;
+------+-------+----------+----------------+
; Rin  ; Input ; Info     ; Stuck at GND   ;
+------+-------+----------+----------------+


+------------------------------------------+
; Port Connectivity Checks: "register:R11" ;
+------+-------+----------+----------------+
; Port ; Type  ; Severity ; Details        ;
+------+-------+----------+----------------+
; Rin  ; Input ; Info     ; Stuck at GND   ;
+------+-------+----------+----------------+


+------------------------------------------+
; Port Connectivity Checks: "register:R10" ;
+------+-------+----------+----------------+
; Port ; Type  ; Severity ; Details        ;
+------+-------+----------+----------------+
; Rin  ; Input ; Info     ; Stuck at GND   ;
+------+-------+----------+----------------+


+-----------------------------------------+
; Port Connectivity Checks: "register:R9" ;
+------+-------+----------+---------------+
; Port ; Type  ; Severity ; Details       ;
+------+-------+----------+---------------+
; Rin  ; Input ; Info     ; Stuck at GND  ;
+------+-------+----------+---------------+


+-----------------------------------------+
; Port Connectivity Checks: "register:R8" ;
+------+-------+----------+---------------+
; Port ; Type  ; Severity ; Details       ;
+------+-------+----------+---------------+
; Rin  ; Input ; Info     ; Stuck at GND  ;
+------+-------+----------+---------------+


+---------------------------------+
; Analysis & Elaboration Messages ;
+---------------------------------+
Info: *******************************************************************
Info: Running Quartus Prime Analysis & Elaboration
    Info: Version 18.1.0 Build 625 09/12/2018 SJ Standard Edition
    Info: Processing started: Mon Mar 02 16:41:01 2026
Info: Command: quartus_map --read_settings_files=on --write_settings_files=off ELEC374 -c ELEC374 --analysis_and_elaboration
Warning (18236): Number of processors has not been specified which may cause overloading on shared machines.  Set the global assignment NUM_PARALLEL_PROCESSORS in your QSF to an appropriate value for best performance.
Info (20030): Parallel compilation is enabled and will use 16 of the 16 processors detected
Info (12021): Found 1 design units, including 1 entities, in source file register.v
    Info (12023): Found entity 1: register File: C:/Users/22lhq1/Desktop/ELEC374-main/register.v Line: 3
Info (12021): Found 1 design units, including 1 entities, in source file datapath.v
    Info (12023): Found entity 1: DataPath File: C:/Users/22lhq1/Desktop/ELEC374-main/DataPath.v Line: 3
Info (12021): Found 1 design units, including 1 entities, in source file bus.v
    Info (12023): Found entity 1: bus File: C:/Users/22lhq1/Desktop/ELEC374-main/Bus.v Line: 1
Info (12021): Found 1 design units, including 1 entities, in source file datapath_tb.v
    Info (12023): Found entity 1: datapath_tb File: C:/Users/22lhq1/Desktop/ELEC374-main/datapath_tb.v Line: 3
Info (12021): Found 1 design units, including 1 entities, in source file mdr.v
    Info (12023): Found entity 1: MDR File: C:/Users/22lhq1/Desktop/ELEC374-main/MDR.v Line: 5
Info (12021): Found 6 design units, including 6 entities, in source file alu.v
    Info (12023): Found entity 1: full_adder File: C:/Users/22lhq1/Desktop/ELEC374-main/ALU.v Line: 3
    Info (12023): Found entity 2: ripple_adder32 File: C:/Users/22lhq1/Desktop/ELEC374-main/ALU.v Line: 11
    Info (12023): Found entity 3: add_sub32 File: C:/Users/22lhq1/Desktop/ELEC374-main/ALU.v Line: 29
    Info (12023): Found entity 4: booth_bit_pair_mul32 File: C:/Users/22lhq1/Desktop/ELEC374-main/ALU.v Line: 41
    Info (12023): Found entity 5: div32 File: C:/Users/22lhq1/Desktop/ELEC374-main/ALU.v Line: 75
    Info (12023): Found entity 6: alu File: C:/Users/22lhq1/Desktop/ELEC374-main/ALU.v Line: 106
Info (12021): Found 1 design units, including 1 entities, in source file tb_add.v
    Info (12023): Found entity 1: tb_add File: C:/Users/22lhq1/Desktop/ELEC374-main/tb_add.v Line: 3
Info (12021): Found 1 design units, including 1 entities, in source file tb_mul.v
    Info (12023): Found entity 1: tb_mul File: C:/Users/22lhq1/Desktop/ELEC374-main/tb_mul.v Line: 3
Info (12021): Found 1 design units, including 1 entities, in source file tb_div.v
    Info (12023): Found entity 1: tb_div File: C:/Users/22lhq1/Desktop/ELEC374-main/tb_div.v Line: 3
Info (12021): Found 1 design units, including 1 entities, in source file tb_sub.v
    Info (12023): Found entity 1: tb_sub File: C:/Users/22lhq1/Desktop/ELEC374-main/tb_sub.v Line: 3
Info (12021): Found 1 design units, including 1 entities, in source file tb_and.v
    Info (12023): Found entity 1: tb_and File: C:/Users/22lhq1/Desktop/ELEC374-main/tb_and.v Line: 2
Info (12021): Found 1 design units, including 1 entities, in source file tb_or.v
    Info (12023): Found entity 1: tb_or File: C:/Users/22lhq1/Desktop/ELEC374-main/tb_or.v Line: 3
Info (12021): Found 1 design units, including 1 entities, in source file tb_shr.v
    Info (12023): Found entity 1: tb_shr File: C:/Users/22lhq1/Desktop/ELEC374-main/tb_shr.v Line: 3
Info (12021): Found 1 design units, including 1 entities, in source file tb_shra.v
    Info (12023): Found entity 1: tb_shra File: C:/Users/22lhq1/Desktop/ELEC374-main/tb_shra.v Line: 3
Info (12021): Found 1 design units, including 1 entities, in source file tb_shl.v
    Info (12023): Found entity 1: tb_shl File: C:/Users/22lhq1/Desktop/ELEC374-main/tb_shl.v Line: 3
Info (12021): Found 1 design units, including 1 entities, in source file tb_ror.v
    Info (12023): Found entity 1: tb_ror File: C:/Users/22lhq1/Desktop/ELEC374-main/tb_ror.v Line: 3
Info (12021): Found 1 design units, including 1 entities, in source file tb_rol.v
    Info (12023): Found entity 1: tb_rol File: C:/Users/22lhq1/Desktop/ELEC374-main/tb_rol.v Line: 3
Info (12021): Found 1 design units, including 1 entities, in source file tb_neg.v
    Info (12023): Found entity 1: tb_neg File: C:/Users/22lhq1/Desktop/ELEC374-main/tb_neg.v Line: 3
Info (12021): Found 1 design units, including 1 entities, in source file tb_not.v
    Info (12023): Found entity 1: tb_not File: C:/Users/22lhq1/Desktop/ELEC374-main/tb_not.v Line: 3
Info (12127): Elaborating entity "DataPath" for the top level hierarchy
Info (12128): Elaborating entity "register" for hierarchy "register:R0" File: C:/Users/22lhq1/Desktop/ELEC374-main/DataPath.v Line: 37
Info (12128): Elaborating entity "MDR" for hierarchy "MDR:mdr_unit" File: C:/Users/22lhq1/Desktop/ELEC374-main/DataPath.v Line: 60
Info (12128): Elaborating entity "alu" for hierarchy "alu:alu_unit" File: C:/Users/22lhq1/Desktop/ELEC374-main/DataPath.v Line: 74
Info (12128): Elaborating entity "add_sub32" for hierarchy "alu:alu_unit|add_sub32:add_sub_unit" File: C:/Users/22lhq1/Desktop/ELEC374-main/ALU.v Line: 127
Info (12128): Elaborating entity "ripple_adder32" for hierarchy "alu:alu_unit|add_sub32:add_sub_unit|ripple_adder32:add" File: C:/Users/22lhq1/Desktop/ELEC374-main/ALU.v Line: 37
Info (12128): Elaborating entity "full_adder" for hierarchy "alu:alu_unit|add_sub32:add_sub_unit|ripple_adder32:add|full_adder:fa_chain[0].fa" File: C:/Users/22lhq1/Desktop/ELEC374-main/ALU.v Line: 23
Info (12128): Elaborating entity "booth_bit_pair_mul32" for hierarchy "alu:alu_unit|booth_bit_pair_mul32:mul_unit" File: C:/Users/22lhq1/Desktop/ELEC374-main/ALU.v Line: 130
Warning (10199): Verilog HDL Case Statement warning at ALU.v(57): case item expression never matches the case expression File: C:/Users/22lhq1/Desktop/ELEC374-main/ALU.v Line: 57
Warning (10199): Verilog HDL Case Statement warning at ALU.v(58): case item expression never matches the case expression File: C:/Users/22lhq1/Desktop/ELEC374-main/ALU.v Line: 58
Warning (10199): Verilog HDL Case Statement warning at ALU.v(59): case item expression never matches the case expression File: C:/Users/22lhq1/Desktop/ELEC374-main/ALU.v Line: 59
Warning (10199): Verilog HDL Case Statement warning at ALU.v(61): case item expression never matches the case expression File: C:/Users/22lhq1/Desktop/ELEC374-main/ALU.v Line: 61
Info (12128): Elaborating entity "div32" for hierarchy "alu:alu_unit|div32:div_unit" File: C:/Users/22lhq1/Desktop/ELEC374-main/ALU.v Line: 131
Warning (10230): Verilog HDL assignment warning at ALU.v(90): truncated value with size 64 to match size of target (33) File: C:/Users/22lhq1/Desktop/ELEC374-main/ALU.v Line: 90
Warning (10240): Verilog HDL Always Construct warning at ALU.v(85): inferring latch(es) for variable "i", which holds its previous value in one or more paths through the always construct File: C:/Users/22lhq1/Desktop/ELEC374-main/ALU.v Line: 85
Info (12128): Elaborating entity "register" for hierarchy "register:Z" File: C:/Users/22lhq1/Desktop/ELEC374-main/DataPath.v Line: 76
Info (12128): Elaborating entity "bus" for hierarchy "bus:main_bus" File: C:/Users/22lhq1/Desktop/ELEC374-main/DataPath.v Line: 84
Info: Quartus Prime Analysis & Elaboration was successful. 0 errors, 8 warnings
    Info: Peak virtual memory: 4792 megabytes
    Info: Processing ended: Mon Mar 02 16:41:08 2026
    Info: Elapsed time: 00:00:07
    Info: Total CPU time (on all processors): 00:00:06


