Flow report for ELEC374
Mon Mar 23 23:08:57 2026
Quartus Prime Version 18.1.1 Build 646 04/11/2019 SJ Lite Edition


---------------------
; Table of Contents ;
---------------------
  1. Legal Notice
  2. Flow Summary
  3. Flow Settings
  4. Flow Non-Default Global Settings
  5. Flow Elapsed Time
  6. Flow OS Summary
  7. Flow Log
  8. Flow Messages
  9. Flow Suppressed Messages



----------------
; Legal Notice ;
----------------
Copyright (C) 2019  Intel Corporation. All rights reserved.
Your use of Intel Corporation's design tools, logic functions 
and other software and tools, and any partner logic 
functions, and any output files from any of the foregoing 
(including device programming or simulation files), and any 
associated documentation or information are expressly subject 
to the terms and conditions of the Intel Program License 
Subscription Agreement, the Intel Quartus Prime License Agreement,
the Intel FPGA IP License Agreement, or other applicable license
agreement, including, without limitation, that your use is for
the sole purpose of programming logic devices manufactured by
Intel and sold by Intel or its authorized distributors.  Please
refer to the applicable agreement for further details, at
https://fpgasoftware.intel.com/eula.



+---------------------------------------------------------------------------+
; Flow Summary                                                              ;
+-----------------------------+---------------------------------------------+
; Flow Status                 ; Successful - Mon Mar 23 23:08:57 2026       ;
; Quartus Prime Version       ; 18.1.1 Build 646 04/11/2019 SJ Lite Edition ;
; Revision Name               ; ELEC374                                     ;
; Top-level Entity Name       ; DataPath                                    ;
; Family                      ; Cyclone V                                   ;
; Device                      ; 5CEBA4F23C7                                 ;
; Timing Models               ; Final                                       ;
; Logic utilization (in ALMs) ; N/A until Partition Merge                   ;
; Total registers             ; N/A until Partition Merge                   ;
; Total pins                  ; N/A until Partition Merge                   ;
; Total virtual pins          ; N/A until Partition Merge                   ;
; Total block memory bits     ; N/A until Partition Merge                   ;
; Total PLLs                  ; N/A until Partition Merge                   ;
; Total DLLs                  ; N/A until Partition Merge                   ;
+-----------------------------+---------------------------------------------+


+-----------------------------------------+
; Flow Settings                           ;
+-------------------+---------------------+
; Option            ; Setting             ;
+-------------------+---------------------+
; Start date & time ; 03/23/2026 23:08:49 ;
; Main task         ; Compilation         ;
; Revision Name     ; ELEC374             ;
+-------------------+---------------------+


+------------------------------------------------------------------------------------------------------------------------------+
; Flow Non-Default Global Settings                                                                                             ;
+--------------------------------------+----------------------------------------+---------------+-------------+----------------+
; Assignment Name                      ; Value                                  ; Default Value ; Entity Name ; Section Id     ;
+--------------------------------------+----------------------------------------+---------------+-------------+----------------+
; COMPILER_SIGNATURE_ID                ; 38917505025.177432172926824            ; --            ; --          ; --             ;
; EDA_DESIGN_INSTANCE_NAME             ; NA                                     ; --            ; --          ; tb_add         ;
; EDA_DESIGN_INSTANCE_NAME             ; NA                                     ; --            ; --          ; tb_neg         ;
; EDA_DESIGN_INSTANCE_NAME             ; NA                                     ; --            ; --          ; tb_mul         ;
; EDA_DESIGN_INSTANCE_NAME             ; NA                                     ; --            ; --          ; tb_not         ;
; EDA_DESIGN_INSTANCE_NAME             ; NA                                     ; --            ; --          ; tb_rol         ;
; EDA_DESIGN_INSTANCE_NAME             ; NA                                     ; --            ; --          ; tb_div         ;
; EDA_DESIGN_INSTANCE_NAME             ; NA                                     ; --            ; --          ; tb_ror         ;
; EDA_DESIGN_INSTANCE_NAME             ; NA                                     ; --            ; --          ; tb_or          ;
; EDA_DESIGN_INSTANCE_NAME             ; NA                                     ; --            ; --          ; tb_sub         ;
; EDA_DESIGN_INSTANCE_NAME             ; NA                                     ; --            ; --          ; tb_and         ;
; EDA_DESIGN_INSTANCE_NAME             ; NA                                     ; --            ; --          ; tb_shra        ;
; EDA_DESIGN_INSTANCE_NAME             ; NA                                     ; --            ; --          ; tb_ld          ;
; EDA_DESIGN_INSTANCE_NAME             ; NA                                     ; --            ; --          ; tb_shr         ;
; EDA_DESIGN_INSTANCE_NAME             ; NA                                     ; --            ; --          ; tb_shl         ;
; EDA_NATIVELINK_SIMULATION_TEST_BENCH ; tb_ld                                  ; --            ; --          ; eda_simulation ;
; EDA_OUTPUT_DATA_FORMAT               ; Verilog Hdl                            ; --            ; --          ; eda_simulation ;
; EDA_SIMULATION_TOOL                  ; ModelSim-Altera (Verilog)              ; <None>        ; --          ; --             ;
; EDA_TEST_BENCH_ENABLE_STATUS         ; TEST_BENCH_MODE                        ; --            ; --          ; eda_simulation ;
; EDA_TEST_BENCH_FILE                  ; tb_add.v                               ; --            ; --          ; tb_add         ;
; EDA_TEST_BENCH_FILE                  ; tb_neg.v                               ; --            ; --          ; tb_neg         ;
; EDA_TEST_BENCH_FILE                  ; tb_mul.v                               ; --            ; --          ; tb_mul         ;
; EDA_TEST_BENCH_FILE                  ; tb_not.v                               ; --            ; --          ; tb_not         ;
; EDA_TEST_BENCH_FILE                  ; tb_rol.v                               ; --            ; --          ; tb_rol         ;
; EDA_TEST_BENCH_FILE                  ; tb_div.v                               ; --            ; --          ; tb_div         ;
; EDA_TEST_BENCH_FILE                  ; tb_ror.v                               ; --            ; --          ; tb_ror         ;
; EDA_TEST_BENCH_FILE                  ; tb_or.v                                ; --            ; --          ; tb_or          ;
; EDA_TEST_BENCH_FILE                  ; tb_sub.v                               ; --            ; --          ; tb_sub         ;
; EDA_TEST_BENCH_FILE                  ; tb_and.v                               ; --            ; --          ; tb_and         ;
; EDA_TEST_BENCH_FILE                  ; tb_shra.v                              ; --            ; --          ; tb_shra        ;
; EDA_TEST_BENCH_FILE                  ; tb_ld.v                                ; --            ; --          ; tb_ld          ;
; EDA_TEST_BENCH_FILE                  ; tb_shr.v                               ; --            ; --          ; tb_shr         ;
; EDA_TEST_BENCH_FILE                  ; tb_shl.v                               ; --            ; --          ; tb_shl         ;
; EDA_TEST_BENCH_MODULE_NAME           ; tb_add                                 ; --            ; --          ; tb_add         ;
; EDA_TEST_BENCH_MODULE_NAME           ; tb_neg                                 ; --            ; --          ; tb_neg         ;
; EDA_TEST_BENCH_MODULE_NAME           ; tb_mul                                 ; --            ; --          ; tb_mul         ;
; EDA_TEST_BENCH_MODULE_NAME           ; tb_not                                 ; --            ; --          ; tb_not         ;
; EDA_TEST_BENCH_MODULE_NAME           ; tb_rol                                 ; --            ; --          ; tb_rol         ;
; EDA_TEST_BENCH_MODULE_NAME           ; tb_div                                 ; --            ; --          ; tb_div         ;
; EDA_TEST_BENCH_MODULE_NAME           ; tb_ror                                 ; --            ; --          ; tb_ror         ;
; EDA_TEST_BENCH_MODULE_NAME           ; tb_or                                  ; --            ; --          ; tb_or          ;
; EDA_TEST_BENCH_MODULE_NAME           ; tb_sub                                 ; --            ; --          ; tb_sub         ;
; EDA_TEST_BENCH_MODULE_NAME           ; tb_and                                 ; --            ; --          ; tb_and         ;
; EDA_TEST_BENCH_MODULE_NAME           ; tb_shra                                ; --            ; --          ; tb_shra        ;
; EDA_TEST_BENCH_MODULE_NAME           ; tb_ld                                  ; --            ; --          ; tb_ld          ;
; EDA_TEST_BENCH_MODULE_NAME           ; tb_shr                                 ; --            ; --          ; tb_shr         ;
; EDA_TEST_BENCH_MODULE_NAME           ; tb_shl                                 ; --            ; --          ; tb_shl         ;
; EDA_TEST_BENCH_NAME                  ; tb_and                                 ; --            ; --          ; eda_simulation ;
; EDA_TEST_BENCH_NAME                  ; tb_or                                  ; --            ; --          ; eda_simulation ;
; EDA_TEST_BENCH_NAME                  ; tb_add                                 ; --            ; --          ; eda_simulation ;
; EDA_TEST_BENCH_NAME                  ; tb_sub                                 ; --            ; --          ; eda_simulation ;
; EDA_TEST_BENCH_NAME                  ; tb_mul                                 ; --            ; --          ; eda_simulation ;
; EDA_TEST_BENCH_NAME                  ; tb_div                                 ; --            ; --          ; eda_simulation ;
; EDA_TEST_BENCH_NAME                  ; tb_shr                                 ; --            ; --          ; eda_simulation ;
; EDA_TEST_BENCH_NAME                  ; tb_shra                                ; --            ; --          ; eda_simulation ;
; EDA_TEST_BENCH_NAME                  ; tb_shl                                 ; --            ; --          ; eda_simulation ;
; EDA_TEST_BENCH_NAME                  ; tb_ror                                 ; --            ; --          ; eda_simulation ;
; EDA_TEST_BENCH_NAME                  ; tb_rol                                 ; --            ; --          ; eda_simulation ;
; EDA_TEST_BENCH_NAME                  ; tb_neg                                 ; --            ; --          ; eda_simulation ;
; EDA_TEST_BENCH_NAME                  ; tb_not                                 ; --            ; --          ; eda_simulation ;
; EDA_TEST_BENCH_NAME                  ; tb_ld                                  ; --            ; --          ; eda_simulation ;
; EDA_TEST_BENCH_RUN_SIM_FOR           ; 500 ns                                 ; --            ; --          ; tb_add         ;
; EDA_TEST_BENCH_RUN_SIM_FOR           ; 500 ns                                 ; --            ; --          ; tb_neg         ;
; EDA_TEST_BENCH_RUN_SIM_FOR           ; 500 ns                                 ; --            ; --          ; tb_mul         ;
; EDA_TEST_BENCH_RUN_SIM_FOR           ; 500 ns                                 ; --            ; --          ; tb_not         ;
; EDA_TEST_BENCH_RUN_SIM_FOR           ; 500 ns                                 ; --            ; --          ; tb_rol         ;
; EDA_TEST_BENCH_RUN_SIM_FOR           ; 500 ns                                 ; --            ; --          ; tb_div         ;
; EDA_TEST_BENCH_RUN_SIM_FOR           ; 500 ns                                 ; --            ; --          ; tb_ror         ;
; EDA_TEST_BENCH_RUN_SIM_FOR           ; 500 ns                                 ; --            ; --          ; tb_or          ;
; EDA_TEST_BENCH_RUN_SIM_FOR           ; 500 ns                                 ; --            ; --          ; tb_sub         ;
; EDA_TEST_BENCH_RUN_SIM_FOR           ; 500 ns                                 ; --            ; --          ; tb_and         ;
; EDA_TEST_BENCH_RUN_SIM_FOR           ; 500 ns                                 ; --            ; --          ; tb_shra        ;
; EDA_TEST_BENCH_RUN_SIM_FOR           ; 500 ns                                 ; --            ; --          ; tb_ld          ;
; EDA_TEST_BENCH_RUN_SIM_FOR           ; 500 ns                                 ; --            ; --          ; tb_shr         ;
; EDA_TEST_BENCH_RUN_SIM_FOR           ; 500 ns                                 ; --            ; --          ; tb_shl         ;
; EDA_TIME_SCALE                       ; 1 ps                                   ; --            ; --          ; eda_simulation ;
; MAX_CORE_JUNCTION_TEMP               ; 85                                     ; --            ; --          ; --             ;
; MIN_CORE_JUNCTION_TEMP               ; 0                                      ; --            ; --          ; --             ;
; PARTITION_COLOR                      ; -- (Not supported for targeted family) ; --            ; DataPath    ; Top            ;
; PARTITION_FITTER_PRESERVATION_LEVEL  ; -- (Not supported for targeted family) ; --            ; DataPath    ; Top            ;
; PARTITION_NETLIST_TYPE               ; -- (Not supported for targeted family) ; --            ; DataPath    ; Top            ;
; POWER_BOARD_THERMAL_MODEL            ; None (CONSERVATIVE)                    ; --            ; --          ; --             ;
; POWER_PRESET_COOLING_SOLUTION        ; 23 MM HEAT SINK WITH 200 LFPM AIRFLOW  ; --            ; --          ; --             ;
; PROJECT_OUTPUT_DIRECTORY             ; output_files                           ; --            ; --          ; --             ;
; TOP_LEVEL_ENTITY                     ; DataPath                               ; ELEC374       ; --          ; --             ;
+--------------------------------------+----------------------------------------+---------------+-------------+----------------+


+----------------------------------------------------------------------------------------------------------------------------+
; Flow Elapsed Time                                                                                                          ;
+------------------------+--------------+-------------------------+---------------------+------------------------------------+
; Module Name            ; Elapsed Time ; Average Processors Used ; Peak Virtual Memory ; Total CPU Time (on all processors) ;
+------------------------+--------------+-------------------------+---------------------+------------------------------------+
; Analysis & Elaboration ; 00:00:12     ; 1.0                     ; 4791 MB             ; 00:00:18                           ;
; Total                  ; 00:00:12     ; --                      ; --                  ; 00:00:18                           ;
+------------------------+--------------+-------------------------+---------------------+------------------------------------+


+--------------------------------------------------------------------------------------+
; Flow OS Summary                                                                      ;
+------------------------+------------------+------------+------------+----------------+
; Module Name            ; Machine Hostname ; OS Name    ; OS Version ; Processor type ;
+------------------------+------------------+------------+------------+----------------+
; Analysis & Elaboration ; DanielsLaptop    ; Windows 10 ; 10.0       ; x86_64         ;
+------------------------+------------------+------------+------------+----------------+


------------
; Flow Log ;
------------
quartus_map --read_settings_files=on --write_settings_files=off ELEC374 -c ELEC374 --analysis_and_elaboration



